85.249.230.191 - - [02/Mar/2014:13:41:07 +0100] "GET / HTTP/1.1" 403 270 "-" "Mozilla/5.0 (compatible; bingbot/2.0; +http://www.bing.com/bingbot.htm)"
66.249.66.164 - - [02/Mar/2014:17:59:32 +0100] "GET /robots.txt HTTP/1.1" 404 280 "-" "Mozilla/5.0 (compatible; Googlebot/2.1; +http://www.google.com/bot.html)"
66.249.66.164 - - [02/Mar/2014:17:59:32 +0100] "GET / HTTP/1.1" 403 274 "-" "Mozilla/5.0 (compatible; Googlebot/2.1; +http://www.google.com/bot.html)"
141.8.147.25 - - [03/Mar/2014:00:56:11 +0100] "GET /robots.txt HTTP/1.1" 404 280 "-" "Mozilla/5.0 (compatible; YandexBot/3.0; +http://yandex.com/bots)"
141.8.147.25 - - [03/Mar/2014:00:56:12 +0100] "GET /robots.txt HTTP/1.1" 404 276 "-" "Mozilla/5.0 (compatible; YandexBot/3.0; +http://yandex.com/bots)"
141.8.147.25 - - [03/Mar/2014:03:17:32 +0100] "GET / HTTP/1.1" 403 270 "-" "Mozilla/5.0 (compatible; YandexBot/3.0; +http://yandex.com/bots)"
50.131.45.196 - - [03/Mar/2014:05:53:29 +0100] "GET / HTTP/1.1" 403 270 "-" "Mozilla/4.0 (compatible; MSIE 5.5; Windows NT 4.0)"
141.8.147.25 - - [03/Mar/2014:09:31:17 +0100] "GET / HTTP/1.1" 403 274 "-" "Mozilla/5.0 (compatible; YandexBot/3.0; +http://yandex.com/bots)"
162.13.123.128 - - [03/Mar/2014:13:20:48 +0100] "GET / HTTP/1.1" 403 270 "-" "Mozilla/6.0 (Windows NT 6.2; WOW64; rv:16.0.1) Gecko/20121011 Firefox/16.0.1"
66.249.66.87 - - [03/Mar/2014:19:20:59 +0100] "GET /robots.txt HTTP/1.1" 404 276 "-" "Mozilla/5.0 (compatible; Googlebot/2.1; +http://www.google.com/bot.html)"
66.249.66.87 - - [03/Mar/2014:19:20:59 +0100] "GET / HTTP/1.1" 403 270 "-" "Mozilla/5.0 (compatible; Googlebot/2.1; +http://www.google.com/bot.html)"
69.58.178.56 - - [03/Mar/2014:20:53:23 +0100] "GET /robots.txt HTTP/1.1" 404 280 "-" "BlackBerry9000/4.6.0.167 Profile/MIDP-2.0 Configuration/CLDC-1.1 VendorID/102 ips-agent"
69.58.178.56 - - [03/Mar/2014:20:53:24 +0100] "GET / HTTP/1.1" 403 274 "-" "Mozilla/5.0 (X11; Ubuntu; Linux i686; rv:14.0; ips-agent) Gecko/20100101 Firefox/14.0.1"
69.58.178.56 - - [03/Mar/2014:20:53:26 +0100] "GET / HTTP/1.1" 403 274 "-" "Mozilla/5.0 (X11; Ubuntu; Linux i686; rv:14.0; ips-agent) Gecko/20100101 Firefox/14.0.1"
141.8.147.25 - - [05/Mar/2014:10:34:20 +0100] "GET /robots.txt HTTP/1.1" 404 276 "-" "Mozilla/5.0 (compatible; YandexBot/3.0; +http://yandex.com/bots)"
141.8.147.25 - - [05/Mar/2014:10:34:21 +0100] "GET /robots.txt HTTP/1.1" 404 280 "-" "Mozilla/5.0 (compatible; YandexBot/3.0; +http://yandex.com/bots)"
141.8.147.25 - - [05/Mar/2014:10:34:22 +0100] "GET / HTTP/1.1" 403 270 "-" "Mozilla/5.0 (compatible; YandexBot/3.0; +http://yandex.com/bots)"
141.8.147.25 - - [05/Mar/2014:10:34:23 +0100] "GET / HTTP/1.1" 403 274 "-" "Mozilla/5.0 (compatible; YandexBot/3.0; +http://yandex.com/bots)"
213.186.98.176 - - [05/Mar/2014:17:56:34 +0100] "GET / HTTP/1.0" 403 274 "-" "Mozilla/4.0 (compatible; MSIE 6.0; Windows NT 5.1)"
95.81.255.102 - - [05/Mar/2014:23:37:33 +0100] "GET / HTTP/1.1" 403 270 "http://testingforex.com" "testingforex.com"
95.170.156.19 - - [06/Mar/2014:07:48:07 +0100] "GET /wordpress/wp-admin/ HTTP/1.1" 404 285 "-" "Mozilla/5.0 (Windows NT 6.2; Win64; x64; rv:16.0.1) Gecko/20121011 Firefox/16.0.1"
95.170.156.19 - - [06/Mar/2014:07:48:08 +0100] "GET /blog/wp-admin/ HTTP/1.1" 404 280 "-" "Mozilla/5.0 (compatible; MSIE 10.0; Windows NT 6.1; Trident/6.0)"
213.186.98.176 - - [07/Mar/2014:10:49:43 +0100] "GET / HTTP/1.0" 403 274 "-" "Mozilla/4.0 (compatible; MSIE 6.0; Windows NT 5.1)"
141.8.147.25 - - [07/Mar/2014:12:16:20 +0100] "GET /robots.txt HTTP/1.1" 404 276 "-" "Mozilla/5.0 (compatible; YandexBot/3.0; +http://yandex.com/bots)"
141.8.147.25 - - [07/Mar/2014:12:16:22 +0100] "GET /robots.txt HTTP/1.1" 404 280 "-" "Mozilla/5.0 (compatible; YandexBot/3.0; +http://yandex.com/bots)"
141.8.147.25 - - [07/Mar/2014:12:16:23 +0100] "GET / HTTP/1.1" 403 270 "-" "Mozilla/5.0 (compatible; YandexBot/3.0; +http://yandex.com/bots)"
141.8.147.25 - - [07/Mar/2014:12:16:24 +0100] "GET / HTTP/1.1" 403 274 "-" "Mozilla/5.0 (compatible; YandexBot/3.0; +http://yandex.com/bots)"
93.159.230.88 - - [08/Mar/2014:14:01:54 +0100] "GET / HTTP/1.1" 403 270 "-" "Mozilla/4.0 (compatible; MSIE 8.0; Windows NT 6.1; Win64; x64; Trident/4.0; .NET CLR 2.0.50727; SLCC2; .NET CLR 3.5.30729; .NET CLR 3.0.30729; Media Center PC 6.0; Tablet PC 2.0)"
65.17.27.234 - - [09/Mar/2014:00:18:13 +0100] "GET /wp-login.php HTTP/1.0" 404 278 "-" "Mozilla/5.0 (X11; CrOS i686 4319.74.0) AppleWebKit/537.36 (KHTML, like Gecko) Chrome/29.0.1547.57 Safari/537.36"
174.59.77.1 - - [09/Mar/2014:02:22:59 +0100] "GET / HTTP/1.1" 403 270 "http://JESCHKE.biz" "Mozilla/5.0 (Windows NT 5.1) AppleWebKit/537.36 (KHTML, like Gecko) Chrome/27.0.1453.116 Safari/537.36"
141.8.147.25 - - [09/Mar/2014:03:47:10 +0100] "GET /robots.txt HTTP/1.1" 404 276 "-" "Mozilla/5.0 (compatible; YandexBot/3.0; +http://yandex.com/bots)"
141.8.147.25 - - [09/Mar/2014:03:47:11 +0100] "GET /robots.txt HTTP/1.1" 404 280 "-" "Mozilla/5.0 (compatible; YandexBot/3.0; +http://yandex.com/bots)"
141.8.147.25 - - [09/Mar/2014:03:47:12 +0100] "GET / HTTP/1.1" 403 270 "-" "Mozilla/5.0 (compatible; YandexBot/3.0; +http://yandex.com/bots)"
141.8.147.25 - - [09/Mar/2014:03:47:13 +0100] "GET / HTTP/1.1" 403 274 "-" "Mozilla/5.0 (compatible; YandexBot/3.0; +http://yandex.com/bots)"
108.59.8.80 - - [09/Mar/2014:12:55:52 +0100] "GET /robots.txt HTTP/1.0" 404 276 "-" "Mozilla/5.0 (compatible; MJ12bot/v1.4.4; http://www.majestic12.co.uk/bot.php?+)"
108.59.8.80 - - [09/Mar/2014:12:55:53 +0100] "GET / HTTP/1.0" 403 270 "-" "Mozilla/5.0 (compatible; MJ12bot/v1.4.4; http://www.majestic12.co.uk/bot.php?+)"
64.246.161.42 - - [09/Mar/2014:13:42:29 +0100] "GET /robots.txt HTTP/1.0" 404 280 "-" "Mozilla/5.0 (Windows; U; Windows NT 5.1; en; rv:1.9.0.13) Gecko/2009073022 Firefox/3.5.2 (.NET CLR 3.5.30729) SurveyBot/2.3 (DomainTools)"
64.246.161.42 - - [09/Mar/2014:13:42:29 +0100] "GET / HTTP/1.1" 403 274 "http://whois.domaintools.com/jeschke.biz" "Mozilla/5.0 (Windows; U; Windows NT 5.1; en; rv:1.9.0.13) Gecko/2009073022 Firefox/3.5.2 (.NET CLR 3.5.30729) SurveyBot/2.3 (DomainTools)"
5.56.63.88 - - [10/Mar/2014:23:15:57 +0100] "GET / HTTP/1.1" 403 270 "http://jeschek.biz" "CATExplorador/1.0beta (sistemes at domini dot cat; http://domini.cat/catexplorador.html)"
141.8.147.25 - - [11/Mar/2014:02:15:45 +0100] "GET /robots.txt HTTP/1.1" 404 276 "-" "Mozilla/5.0 (compatible; YandexBot/3.0; +http://yandex.com/bots)"
141.8.147.25 - - [11/Mar/2014:02:15:47 +0100] "GET /robots.txt HTTP/1.1" 404 280 "-" "Mozilla/5.0 (compatible; YandexBot/3.0; +http://yandex.com/bots)"
141.8.147.25 - - [11/Mar/2014:02:15:47 +0100] "GET / HTTP/1.1" 403 270 "-" "Mozilla/5.0 (compatible; YandexBot/3.0; +http://yandex.com/bots)"
141.8.147.25 - - [11/Mar/2014:02:15:49 +0100] "GET / HTTP/1.1" 403 274 "-" "Mozilla/5.0 (compatible; YandexBot/3.0; +http://yandex.com/bots)"
66.249.76.136 - - [11/Mar/2014:18:14:51 +0100] "GET /robots.txt HTTP/1.1" 404 280 "-" "Mozilla/5.0 (compatible; Googlebot/2.1; +http://www.google.com/bot.html)"
66.249.76.136 - - [11/Mar/2014:18:14:51 +0100] "GET / HTTP/1.1" 403 274 "-" "Mozilla/5.0 (compatible; Googlebot/2.1; +http://www.google.com/bot.html)"
91.223.180.74 - - [12/Mar/2014:16:33:29 +0100] "GET /admin.php HTTP/1.0" 404 279 "-" "Opera/9.80 (Windows NT 6.1; U; ru) Presto/2.8.131 Version/11.10"
91.223.180.74 - - [12/Mar/2014:16:33:29 +0100] "GET /administrator/index.php HTTP/1.0" 404 293 "-" "Opera/9.80 (Windows NT 6.1; U; ru) Presto/2.8.131 Version/11.10"
91.223.180.74 - - [12/Mar/2014:16:33:29 +0100] "GET /wp-login.php HTTP/1.0" 404 282 "-" "Opera/9.80 (Windows NT 6.1; U; ru) Presto/2.8.131 Version/11.10"
141.8.147.25 - - [13/Mar/2014:07:18:10 +0100] "GET /robots.txt HTTP/1.1" 404 280 "-" "Mozilla/5.0 (compatible; YandexBot/3.0; +http://yandex.com/bots)"
141.8.147.25 - - [13/Mar/2014:07:18:11 +0100] "GET /robots.txt HTTP/1.1" 404 276 "-" "Mozilla/5.0 (compatible; YandexBot/3.0; +http://yandex.com/bots)"
141.8.147.25 - - [13/Mar/2014:07:18:13 +0100] "GET / HTTP/1.1" 403 274 "-" "Mozilla/5.0 (compatible; YandexBot/3.0; +http://yandex.com/bots)"
141.8.147.25 - - [13/Mar/2014:07:18:13 +0100] "GET / HTTP/1.1" 403 270 "-" "Mozilla/5.0 (compatible; YandexBot/3.0; +http://yandex.com/bots)"
188.40.249.83 - - [13/Mar/2014:07:28:41 +0100] "GET / HTTP/1.0" 403 270 "http://ddlmega.net/" "Mozilla/4.0 (compatible; MSIE 6.0; Windows NT 5.1; MRA 4.3 (build 01218); .NET CLR 1.1.4322)"
188.40.249.83 - - [13/Mar/2014:07:28:41 +0100] "GET / HTTP/1.0" 403 270 "http://ddlmega.net/" "Mozilla/4.0 (compatible; MSIE 6.0; Windows NT 5.1; MRA 4.3 (build 01218); .NET CLR 1.1.4322)"
188.40.249.83 - - [13/Mar/2014:07:28:41 +0100] "GET / HTTP/1.0" 403 270 "http://ddlmega.net/" "Mozilla/4.0 (compatible; MSIE 6.0; Windows NT 5.1; SV1; .NET CLR 1.1.4322) NS8/0.9.6"
188.40.249.83 - - [13/Mar/2014:07:28:41 +0100] "GET / HTTP/1.0" 403 270 "http://ddlmega.net/" "Mozilla/4.0 (compatible; MSIE 6.0; Windows NT 5.1; SV1; .NET CLR 1.1.4322) NS8/0.9.6"
188.40.249.83 - - [13/Mar/2014:07:28:41 +0100] "GET / HTTP/1.0" 403 270 "http://ddlmega.net/" "Mozilla/4.79 [en] (Windows NT 5.0; U)"
188.40.249.83 - - [13/Mar/2014:07:28:41 +0100] "GET / HTTP/1.0" 403 270 "http://ddlmega.net/" "Mozilla/4.79 [en] (Windows NT 5.0; U)"
188.40.249.83 - - [13/Mar/2014:07:28:41 +0100] "GET / HTTP/1.0" 403 270 "http://ddlmega.net/" "Mozilla/4.79 [en] (Windows NT 5.0; U)"
188.40.249.83 - - [13/Mar/2014:07:28:41 +0100] "GET / HTTP/1.0" 403 270 "http://ddlmega.net/" "Mozilla/4.79 [en] (Windows NT 5.0; U)"
148.251.71.5 - - [14/Mar/2014:03:00:07 +0100] "GET / HTTP/1.0" 403 270 "http://filesvine.com/" "Mozilla/4.0 (compatible; MSIE 7.0; Windows NT 5.1; SV1; .NET CLR 2.0.50727)"
148.251.71.5 - - [14/Mar/2014:03:00:07 +0100] "GET / HTTP/1.0" 403 270 "http://filesvine.com/" "Mozilla/4.0 (compatible; MSIE 7.0; Windows NT 5.1; SV1; .NET CLR 2.0.50727)"
148.251.71.5 - - [14/Mar/2014:03:00:07 +0100] "GET / HTTP/1.0" 403 270 "http://filesvine.com/" "Mozilla/4.0 (compatible; MSIE 6.0; Windows NT 5.2; WOW64; SV1; .NET CLR 2.0.50727)"
148.251.71.5 - - [14/Mar/2014:03:00:07 +0100] "GET / HTTP/1.0" 403 270 "http://filesvine.com/" "Mozilla/4.0 (compatible; MSIE 6.0; Windows NT 5.2; WOW64; SV1; .NET CLR 2.0.50727)"
148.251.71.5 - - [14/Mar/2014:03:00:07 +0100] "GET / HTTP/1.0" 403 270 "http://filesvine.com/" "Mozilla/4.0 (compatible; MSIE 5.5; Windows 95; BCD2000)"
148.251.71.5 - - [14/Mar/2014:03:00:07 +0100] "GET / HTTP/1.0" 403 270 "http://filesvine.com/" "Mozilla/4.0 (compatible; MSIE 5.5; Windows 95; BCD2000)"
148.251.71.5 - - [14/Mar/2014:03:00:07 +0100] "GET / HTTP/1.0" 403 270 "http://filesvine.com/" "Mozilla/4.0 (compatible; MSIE 6.0; Windows NT 5.1; SV1; .NET CLR 1.1.4322; .NET CLR 2.0.50727)"
148.251.71.5 - - [14/Mar/2014:03:00:07 +0100] "GET / HTTP/1.0" 403 270 "http://filesvine.com/" "Mozilla/4.0 (compatible; MSIE 6.0; Windows NT 5.1; SV1; .NET CLR 1.1.4322; .NET CLR 2.0.50727)"
213.186.98.176 - - [14/Mar/2014:03:45:53 +0100] "GET / HTTP/1.0" 403 274 "-" "Mozilla/4.0 (compatible; MSIE 6.0; Windows NT 5.1)"
91.208.16.239 - - [14/Mar/2014:12:02:12 +0100] "GET / HTTP/1.1" 403 270 "-" "Mozilla/5.0 (Windows; U; Windows NT 6.1; en-US; rv:1.9.2.3) Gecko/20100401 Firefox/3.6.3"
157.55.32.99 - - [14/Mar/2014:23:09:09 +0100] "GET /robots.txt HTTP/1.1" 404 276 "-" "Mozilla/5.0 (compatible; bingbot/2.0; +http://www.bing.com/bingbot.htm)"
213.186.98.176 - - [14/Mar/2014:23:58:09 +0100] "GET / HTTP/1.0" 403 274 "-" "Mozilla/4.0 (compatible; MSIE 6.0; Windows NT 5.1)"
157.55.32.99 - - [15/Mar/2014:00:09:12 +0100] "GET / HTTP/1.1" 403 270 "-" "Mozilla/5.0 (compatible; bingbot/2.0; +http://www.bing.com/bingbot.htm)"
66.249.79.27 - - [16/Mar/2014:09:59:28 +0100] "GET /robots.txt HTTP/1.1" 404 276 "-" "Mozilla/5.0 (compatible; Googlebot/2.1; +http://www.google.com/bot.html)"
66.249.79.59 - - [16/Mar/2014:09:59:28 +0100] "GET / HTTP/1.1" 403 270 "-" "Mozilla/5.0 (compatible; Googlebot/2.1; +http://www.google.com/bot.html)"
199.217.119.4 - - [16/Mar/2014:16:40:00 +0100] "GET / HTTP/1.1" 403 270 "-" "wscheck.com/1.0.0 (+http://wscheck.com/)"
199.217.119.4 - - [16/Mar/2014:16:40:00 +0100] "GET / HTTP/1.1" 403 274 "-" "wscheck.com/1.0.0 (+http://wscheck.com/)"
199.217.119.4 - - [16/Mar/2014:16:40:00 +0100] "GET / HTTP/1.1" 403 274 "-" "SEOstats 2.1.0          https://github.com/eyecatchup/SEOstats"
85.17.75.232 - - [17/Mar/2014:02:37:53 +0100] "GET / HTTP/1.0" 403 270 "-" "Mozilla/4.0 (compatible; MSIE 5.5; Windows 98)"
213.186.98.176 - - [17/Mar/2014:16:35:04 +0100] "GET / HTTP/1.0" 403 274 "-" "Mozilla/4.0 (compatible; MSIE 6.0; Windows NT 5.1)"
69.164.111.198 - - [18/Mar/2014:01:53:21 +0100] "GET / HTTP/1.1" 403 270 "-" "Mozilla/4.0 (compatible; MSIE 8.0; Windows NT 6.1; WOW64; Trident/4.0; SLCC2; .NET CLR 2.0.50727; .NET CLR 3.5.30729; .NET CLR 3.0.30729; Media Center PC 6.0; MDDC)"
188.40.249.67 - - [18/Mar/2014:06:25:36 +0100] "GET / HTTP/1.0" 403 270 "http://thefds.net" "Mozilla/4.0 (compatible; MSIE 6.0; Update a; AOL 6.0; Windows 98)"
188.40.249.67 - - [18/Mar/2014:06:25:36 +0100] "GET / HTTP/1.0" 403 270 "http://thefds.net" "Mozilla/4.0 (compatible; MSIE 6.0; Update a; AOL 6.0; Windows 98)"
188.40.249.67 - - [18/Mar/2014:06:25:37 +0100] "GET / HTTP/1.0" 403 270 "http://thefds.net" "Mozilla/4.61 [en] (X11; U; ) - BrowseX (2.0.0 Windows)"
188.40.249.67 - - [18/Mar/2014:06:25:37 +0100] "GET / HTTP/1.0" 403 270 "http://thefds.net" "Mozilla/4.61 [en] (X11; U; ) - BrowseX (2.0.0 Windows)"
188.40.249.67 - - [18/Mar/2014:06:25:37 +0100] "GET / HTTP/1.0" 403 270 "http://thefds.net" "Opera/9.0 (Windows NT 5.1; U; en)"
188.40.249.67 - - [18/Mar/2014:06:25:37 +0100] "GET / HTTP/1.0" 403 270 "http://thefds.net" "Opera/9.0 (Windows NT 5.1; U; en)"
188.40.249.67 - - [18/Mar/2014:06:25:37 +0100] "GET / HTTP/1.0" 403 270 "http://thefds.net" "Mozilla/4.0 (compatible; MSIE 6.0; Update a; AOL 6.0; Windows 98)"
188.40.249.67 - - [18/Mar/2014:06:25:37 +0100] "GET / HTTP/1.0" 403 270 "http://thefds.net" "Mozilla/4.0 (compatible; MSIE 6.0; Update a; AOL 6.0; Windows 98)"
66.249.78.114 - - [19/Mar/2014:20:18:59 +0100] "GET /robots.txt HTTP/1.1" 404 280 "-" "Mozilla/5.0 (compatible; Googlebot/2.1; +http://www.google.com/bot.html)"
66.249.78.114 - - [19/Mar/2014:20:18:59 +0100] "GET / HTTP/1.1" 403 274 "-" "Mozilla/5.0 (compatible; Googlebot/2.1; +http://www.google.com/bot.html)"
141.8.147.25 - - [19/Mar/2014:21:06:44 +0100] "GET /robots.txt HTTP/1.1" 404 280 "-" "Mozilla/5.0 (compatible; YandexBot/3.0; +http://yandex.com/bots)"
141.8.147.25 - - [19/Mar/2014:21:06:47 +0100] "GET / HTTP/1.1" 403 274 "-" "Mozilla/5.0 (compatible; YandexBot/3.0; +http://yandex.com/bots)"
141.8.147.25 - - [19/Mar/2014:21:07:05 +0100] "GET /robots.txt HTTP/1.1" 404 276 "-" "Mozilla/5.0 (compatible; YandexBot/3.0; +http://yandex.com/bots)"
141.8.147.25 - - [19/Mar/2014:21:07:08 +0100] "GET / HTTP/1.1" 403 270 "-" "Mozilla/5.0 (compatible; YandexBot/3.0; +http://yandex.com/bots)"
188.122.238.91 - - [20/Mar/2014:04:00:55 +0100] "GET /administrator/index.php HTTP/1.1" 404 289 "-" "Opera/9.80 (Windows NT 6.0) Presto/2.12.388 Version/12.14"
141.8.147.25 - - [21/Mar/2014:09:09:21 +0100] "GET /robots.txt HTTP/1.1" 404 280 "-" "Mozilla/5.0 (compatible; YandexBot/3.0; +http://yandex.com/bots)"
141.8.147.25 - - [21/Mar/2014:09:09:21 +0100] "GET /robots.txt HTTP/1.1" 404 276 "-" "Mozilla/5.0 (compatible; YandexBot/3.0; +http://yandex.com/bots)"
141.8.147.25 - - [21/Mar/2014:09:09:23 +0100] "GET / HTTP/1.1" 403 274 "-" "Mozilla/5.0 (compatible; YandexBot/3.0; +http://yandex.com/bots)"
141.8.147.25 - - [21/Mar/2014:09:09:24 +0100] "GET / HTTP/1.1" 403 270 "-" "Mozilla/5.0 (compatible; YandexBot/3.0; +http://yandex.com/bots)"
78.46.44.5 - - [21/Mar/2014:12:15:48 +0100] "GET /wp-login.php HTTP/1.0" 404 278 "-" "Mozilla/5.0 (Windows; U; MSIE 9.0; WIndows NT 9.0; en-US))"
74.52.245.146 - - [21/Mar/2014:16:52:32 +0100] "GET / HTTP/1.0" 403 274 "-" "Mozilla/5.0 (X11; U; Linux i686; en-US; rv:1.7.5) Gecko/20041107 Firefox/1.0"
176.8.234.165 - - [22/Mar/2014:01:33:44 +0100] "GET / HTTP/1.1" 403 270 "-" "Mozilla/3.6 (compatible; MSIE 7.0; Windows NT 6.1; en-US; rv:1.9.2.16) Gecko/20110319 MRA 5.6 (build 03278) Firefox/3.6.16"
109.160.55.23 - - [22/Mar/2014:02:03:10 +0100] "GET / HTTP/1.1" 403 270 "-" "-"
185.38.251.102 - - [22/Mar/2014:06:42:35 +0100] "GET /wp-login.php HTTP/1.1" 404 278 "-" "Mozilla/5.0 (Windows NT 5.1; WOW64) AppleWebKit/537.1 (KHTML, like Gecko) Chrome/24.0.1309.0 Safari/537.17"
185.38.251.102 - - [22/Mar/2014:06:42:36 +0100] "GET /administrator/ HTTP/1.1" 404 280 "-" "Mozilla/5.0 (Windows NT 5.1; WOW64) AppleWebKit/537.1 (KHTML, like Gecko) Chrome/24.0.1309.0 Safari/537.17"
185.38.251.102 - - [22/Mar/2014:06:42:38 +0100] "GET /admin.php HTTP/1.1" 404 275 "-" "Mozilla/5.0 (Windows NT 5.1; WOW64) AppleWebKit/537.1 (KHTML, like Gecko) Chrome/24.0.1309.0 Safari/537.17"
64.246.187.42 - - [22/Mar/2014:18:27:58 +0100] "GET /robots.txt HTTP/1.0" 404 280 "-" "Mozilla/5.0 (Windows; U; Windows NT 5.1; en; rv:1.9.0.13) Gecko/2009073022 Firefox/3.5.2 (.NET CLR 3.5.30729) SurveyBot/2.3 (DomainTools)"
64.246.187.42 - - [22/Mar/2014:18:27:58 +0100] "GET / HTTP/1.1" 403 274 "http://whois.domaintools.com/jeschke.biz" "Mozilla/5.0 (Windows; U; Windows NT 5.1; en; rv:1.9.0.13) Gecko/2009073022 Firefox/3.5.2 (.NET CLR 3.5.30729) SurveyBot/2.3 (DomainTools)"
95.211.203.106 - - [23/Mar/2014:01:40:37 +0100] "GET / HTTP/1.1" 403 270 "-" "Mozilla/3.6 (compatible; MSIE 7.0; Windows NT 6.1; en-US; rv:1.9.2.16) Gecko/20110319 MRA 5.6 (build 03278) Firefox/3.6.16"
95.211.203.106 - - [23/Mar/2014:01:40:39 +0100] "GET / HTTP/1.1" 403 270 "-" "Mozilla/3.6 (compatible; MSIE 7.0; Windows NT 6.1; en-US; rv:1.9.2.16) Gecko/20110319 MRA 5.6 (build 03278) Firefox/3.6.16"
93.159.230.28 - - [23/Mar/2014:19:12:44 +0100] "GET / HTTP/1.1" 403 270 "-" "Mozilla/4.0 (compatible; MSIE 8.0; Windows NT 5.1; Trident/4.0; .NET CLR 2.0.50727; .NET CLR 3.0.04506.648; .NET CLR 3.5.21022; .NET CLR 3.0.4506.2152; .NET CLR 3.5.30729; InfoPath.2)"
54.215.143.246 - - [24/Mar/2014:02:27:12 +0100] "GET / HTTP/1.1" 403 270 "-" "Mozilla/5.0 (Macintosh; Intel Mac OS X 10_5_8) AppleWebKit/537.1 (KHTML, like Gecko) Chrome/21.0.1180.90 Safari/537.1"
66.249.64.212 - - [24/Mar/2014:12:40:26 +0100] "GET /robots.txt HTTP/1.1" 404 276 "-" "Mozilla/5.0 (compatible; Googlebot/2.1; +http://www.google.com/bot.html)"
66.249.64.222 - - [24/Mar/2014:12:40:27 +0100] "GET / HTTP/1.1" 403 270 "-" "Mozilla/5.0 (compatible; Googlebot/2.1; +http://www.google.com/bot.html)"
94.242.206.85 - - [25/Mar/2014:13:37:46 +0100] "GET / HTTP/1.1" 403 270 "-" "Mozilla/5.0 (Windows NT 6.1; WOW64; rv:23.0) Gecko/20100101 Firefox/23.0"
188.40.249.83 - - [25/Mar/2014:17:47:31 +0100] "GET / HTTP/1.0" 403 270 "http://r12files.com/" "Mozilla/4.0 (compatible; MSIE 6.0; Windows NT 5.2; Win64; AMD64)"
188.40.249.83 - - [25/Mar/2014:17:47:31 +0100] "GET / HTTP/1.0" 403 270 "http://r12files.com/" "Mozilla/4.0 (compatible; MSIE 6.0; Windows NT 5.2; Win64; AMD64)"
188.40.249.83 - - [25/Mar/2014:17:47:31 +0100] "GET / HTTP/1.0" 403 270 "http://r12files.com/" "Mozilla/4.0 (compatible; MSIE 6.0; Windows NT 5.1)"
188.40.249.83 - - [25/Mar/2014:17:47:31 +0100] "GET / HTTP/1.0" 403 270 "http://r12files.com/" "Mozilla/4.0 (compatible; MSIE 6.0; Windows NT 5.1)"
188.40.249.83 - - [25/Mar/2014:17:47:32 +0100] "GET / HTTP/1.0" 403 270 "http://r12files.com/" "Opera/9.00 (Windows NT 5.1; U; ru)"
188.40.249.83 - - [25/Mar/2014:17:47:32 +0100] "GET / HTTP/1.0" 403 270 "http://r12files.com/" "Opera/9.00 (Windows NT 5.1; U; ru)"
188.40.249.83 - - [25/Mar/2014:17:47:32 +0100] "GET / HTTP/1.0" 403 270 "http://r12files.com/" "Mozilla/4.0 (compatible; MSIE 6.0; Windows NT 5.0; APC; .NET CLR 1.0.3705; .NET CLR 1.1.4322; .NET CLR 2.0.50215; InfoPath.1)"
188.40.249.83 - - [25/Mar/2014:17:47:32 +0100] "GET / HTTP/1.0" 403 270 "http://r12files.com/" "Mozilla/4.0 (compatible; MSIE 6.0; Windows NT 5.0; APC; .NET CLR 1.0.3705; .NET CLR 1.1.4322; .NET CLR 2.0.50215; InfoPath.1)"
91.232.21.137 - - [26/Mar/2014:16:35:52 +0100] "GET /wp-login.php HTTP/1.1" 404 278 "-" "Mozilla/5.0 (Windows NT 5.1) AppleWebKit/537.1 (KHTML, like Gecko) Chrome/22.0.1229.79 Safari/537.4"
91.232.21.137 - - [26/Mar/2014:16:35:53 +0100] "GET /administrator/ HTTP/1.1" 404 280 "-" "Mozilla/5.0 (Windows NT 5.1) AppleWebKit/537.1 (KHTML, like Gecko) Chrome/22.0.1229.79 Safari/537.4"
91.232.21.137 - - [26/Mar/2014:16:35:53 +0100] "GET /admin.php HTTP/1.1" 404 275 "-" "Mozilla/5.0 (Windows NT 5.1) AppleWebKit/537.1 (KHTML, like Gecko) Chrome/22.0.1229.79 Safari/537.4"
95.213.137.26 - - [27/Mar/2014:05:30:45 +0100] "GET /engine/classes/js/dle_js.js HTTP/1.0" 404 293 "http://jeschke.biz/engine/classes/js/dle_js.js" "Mozilla/4.0 (compatible; MSIE 6.0; Windows 98; Win 9x 4.90)"
192.95.31.54 - - [27/Mar/2014:15:06:58 +0100] "GET /robots.txt HTTP/1.1" 404 276 "-" "Mozilla/5.0 (compatible; meanpathbot/1.0; +http://www.meanpath.com/meanpathbot.html)"
192.95.31.54 - - [27/Mar/2014:15:06:59 +0100] "GET / HTTP/1.1" 403 270 "-" "Mozilla/5.0 (compatible; meanpathbot/1.0; +http://www.meanpath.com/meanpathbot.html)"
141.8.147.25 - - [28/Mar/2014:09:28:57 +0100] "GET /robots.txt HTTP/1.1" 404 280 "-" "Mozilla/5.0 (compatible; YandexBot/3.0; +http://yandex.com/bots)"
141.8.147.25 - - [28/Mar/2014:09:28:57 +0100] "GET /robots.txt HTTP/1.1" 404 276 "-" "Mozilla/5.0 (compatible; YandexBot/3.0; +http://yandex.com/bots)"
141.8.147.25 - - [28/Mar/2014:09:28:59 +0100] "GET / HTTP/1.1" 403 274 "-" "Mozilla/5.0 (compatible; YandexBot/3.0; +http://yandex.com/bots)"
141.8.147.25 - - [28/Mar/2014:09:29:00 +0100] "GET / HTTP/1.1" 403 270 "-" "Mozilla/5.0 (compatible; YandexBot/3.0; +http://yandex.com/bots)"
69.12.75.97 - - [28/Mar/2014:13:52:13 +0100] "GET / HTTP/1.1" 403 270 "http://JESCHKE.biz" "Mozilla/5.0 (Windows NT 6.1; WOW64) AppleWebKit/537.36 (KHTML, like Gecko) Chrome/27.0.1453.110 Safari/537.36"
148.251.71.5 - - [28/Mar/2014:17:43:21 +0100] "GET / HTTP/1.0" 403 270 "http://hotdl.in/" "Mozilla/4.0 (compatible; MSIE 7.0; Windows NT 5.1; SV1; .NET CLR 2.0.50727)"
148.251.71.5 - - [28/Mar/2014:17:43:21 +0100] "GET / HTTP/1.0" 403 270 "http://hotdl.in/" "Mozilla/4.0 (compatible; MSIE 7.0; Windows NT 5.1; SV1; .NET CLR 2.0.50727)"
148.251.71.5 - - [28/Mar/2014:17:43:21 +0100] "GET / HTTP/1.0" 403 270 "http://hotdl.in/" "Mozilla/4.0 (compatible; MSIE 6.0; Windows NT 5.1; SV1; Media Center PC"
148.251.71.5 - - [28/Mar/2014:17:43:21 +0100] "GET / HTTP/1.0" 403 270 "http://hotdl.in/" "Mozilla/4.0 (compatible; MSIE 6.0; Windows NT 5.1; SV1; Media Center PC"
148.251.71.5 - - [28/Mar/2014:17:43:21 +0100] "GET / HTTP/1.0" 403 270 "http://hotdl.in/" "Mozilla/4.0 (compatible; MSIE 6.0; Windows NT 5.1; SV1; .NET CLR 1.1.4322; .NET CLR 2.0.50727)"
148.251.71.5 - - [28/Mar/2014:17:43:21 +0100] "GET / HTTP/1.0" 403 270 "http://hotdl.in/" "Mozilla/4.0 (compatible; MSIE 6.0; Windows NT 5.1; SV1; .NET CLR 1.1.4322; .NET CLR 2.0.50727)"
148.251.71.5 - - [28/Mar/2014:17:43:21 +0100] "GET / HTTP/1.0" 403 270 "http://hotdl.in/" "Mozilla/4.0 (compatible; MSIE 6.0; Windows NT 5.1; SV1)"
148.251.71.5 - - [28/Mar/2014:17:43:21 +0100] "GET / HTTP/1.0" 403 270 "http://hotdl.in/" "Mozilla/4.0 (compatible; MSIE 6.0; Windows NT 5.1; SV1)"
148.251.71.5 - - [28/Mar/2014:17:43:21 +0100] "GET / HTTP/1.0" 403 270 "http://hotdl.in/" "Mozilla/4.0 (compatible; MSIE 5.01; Windows 95; MSIECrawler)"
148.251.71.5 - - [28/Mar/2014:17:43:21 +0100] "GET / HTTP/1.0" 403 270 "http://hotdl.in/" "Mozilla/4.0 (compatible; MSIE 5.01; Windows 95; MSIECrawler)"
91.5.247.246 - - [29/Mar/2014:00:12:28 +0100] "GET /H50mannschaft2013.pdf HTTP/1.1" 404 295 "-" "Mozilla/5.0 (Windows NT 6.1; WOW64; rv:17.0) Gecko/20100101 Firefox/17.0"
91.5.247.246 - - [29/Mar/2014:00:12:28 +0100] "GET /favicon.ico HTTP/1.1" 404 285 "-" "Mozilla/5.0 (Windows NT 6.1; WOW64; rv:17.0) Gecko/20100101 Firefox/17.0"
23.236.51.152 - - [29/Mar/2014:12:10:46 +0100] "GET / HTTP/1.0" 403 270 "-" "Wget/1.12 (linux-gnu)"
141.8.147.25 - - [29/Mar/2014:13:46:46 +0100] "GET /robots.txt HTTP/1.1" 404 280 "-" "Mozilla/5.0 (compatible; YandexBot/3.0; +http://yandex.com/bots)"
141.8.147.25 - - [29/Mar/2014:13:46:49 +0100] "GET / HTTP/1.1" 403 274 "-" "Mozilla/5.0 (compatible; YandexBot/3.0; +http://yandex.com/bots)"
141.8.147.25 - - [29/Mar/2014:13:47:59 +0100] "GET /robots.txt HTTP/1.1" 404 276 "-" "Mozilla/5.0 (compatible; YandexBot/3.0; +http://yandex.com/bots)"
141.8.147.25 - - [29/Mar/2014:13:48:02 +0100] "GET / HTTP/1.1" 403 270 "-" "Mozilla/5.0 (compatible; YandexBot/3.0; +http://yandex.com/bots)"
141.8.147.25 - - [31/Mar/2014:00:17:37 +0200] "GET /robots.txt HTTP/1.1" 404 280 "-" "Mozilla/5.0 (compatible; YandexBot/3.0; +http://yandex.com/bots)"
141.8.147.25 - - [31/Mar/2014:00:17:40 +0200] "GET / HTTP/1.1" 403 274 "-" "Mozilla/5.0 (compatible; YandexBot/3.0; +http://yandex.com/bots)"
141.8.147.25 - - [31/Mar/2014:00:17:41 +0200] "GET /robots.txt HTTP/1.1" 404 276 "-" "Mozilla/5.0 (compatible; YandexBot/3.0; +http://yandex.com/bots)"
141.8.147.25 - - [31/Mar/2014:00:17:43 +0200] "GET / HTTP/1.1" 403 270 "-" "Mozilla/5.0 (compatible; YandexBot/3.0; +http://yandex.com/bots)"
46.188.18.87 - - [31/Mar/2014:00:58:03 +0200] "GET / HTTP/1.1" 403 270 "http://jeschke.biz/" "Mozilla/4.0 (compatible; MSIE 6.0; Windows NT 5.1; SV1)"
46.188.18.87 - - [31/Mar/2014:00:58:03 +0200] "GET / HTTP/1.1" 403 270 "http://jeschke.biz/" "Mozilla/4.0 (compatible; MSIE 6.0; Windows NT 5.1; SV1)"
46.188.18.87 - - [31/Mar/2014:00:58:03 +0200] "GET / HTTP/1.1" 403 270 "http://jeschke.biz/" "Mozilla/4.0 (compatible; MSIE 6.0; Windows NT 5.1; SV1)"
46.188.18.87 - - [31/Mar/2014:00:58:03 +0200] "GET / HTTP/1.1" 403 270 "http://jeschke.biz/" "Mozilla/4.0 (compatible; MSIE 6.0; Windows NT 5.1; SV1)"
46.188.18.87 - - [31/Mar/2014:00:58:03 +0200] "GET / HTTP/1.1" 403 270 "http://jeschke.biz/" "Mozilla/4.0 (compatible; MSIE 6.0; Windows NT 5.1; SV1)"
46.188.18.87 - - [31/Mar/2014:00:58:03 +0200] "GET / HTTP/1.1" 403 270 "http://jeschke.biz/" "Mozilla/4.0 (compatible; MSIE 6.0; Windows NT 5.1; SV1)"
46.188.18.87 - - [31/Mar/2014:00:58:03 +0200] "GET / HTTP/1.1" 403 270 "http://jeschke.biz/" "Mozilla/4.0 (compatible; MSIE 6.0; Windows NT 5.1; SV1)"
46.188.18.87 - - [31/Mar/2014:00:58:03 +0200] "GET / HTTP/1.1" 403 270 "http://jeschke.biz/" "Mozilla/4.0 (compatible; MSIE 6.0; Windows NT 5.1; SV1)"
46.188.18.87 - - [31/Mar/2014:00:58:03 +0200] "GET / HTTP/1.1" 403 270 "http://jeschke.biz/" "Mozilla/4.0 (compatible; MSIE 6.0; Windows NT 5.1; SV1)"
46.188.18.87 - - [31/Mar/2014:00:58:03 +0200] "GET / HTTP/1.1" 403 270 "http://jeschke.biz/" "Mozilla/4.0 (compatible; MSIE 6.0; Windows NT 5.1; SV1)"
